<html>
<body>
<pre>
<h1>µVision Build Log</h1>
<h2>Tool Versions:</h2>
IDE-Version: µVision V5.24.2.0
Copyright (C) 2017 ARM Ltd and ARM Germany GmbH. All rights reserved.
License Information: Jernej Pangerc, isystem, LIC=----
 
Tool Versions:
Toolchain:       MDK-Lite  Version: 5.24.1
Toolchain Path:  C:\Keil_v5\ARM\ARMCC\Bin
C Compiler:      Armcc.exe V5.06 update 5 (build 528)
Assembler:       Armasm.exe V5.06 update 5 (build 528)
Linker/Locator:  ArmLink.exe V5.06 update 5 (build 528)
Library Manager: ArmAr.exe V5.06 update 5 (build 528)
Hex Converter:   FromElf.exe V5.06 update 5 (build 528)
CPU DLL:         SARMCM3.DLL V5.24.1
Dialog DLL:      DCM.DLL V1.16.0.0
Target DLL:      UL2CM3.DLL V1.160.3.0
Dialog DLL:      TCM.DLL V1.32.0.0
 
<h2>Project:</h2>
D:\Projekti\Pospeskomer\Sprejemnik-STM32\Keil\STM32L476RG.uvprojx
Project File Date:  05/03/2019

<h2>Output:</h2>
*** Using Compiler 'V5.06 update 5 (build 528)', folder: 'C:\Keil_v5\ARM\ARMCC\Bin'
Build target 'Target 1'
compiling main.c...
RTE\Device\STM32L476RGTx\STCubeGenerated\Src\main.c(315): warning:  #111-D: statement is unreachable
  	SPI_poslji_bajt(1,1);
RTE\Device\STM32L476RGTx\STCubeGenerated\Src\main.c: 1 warning, 0 errors
linking...
Program Size: Code=9564 RO-data=496 RW-data=48 ZI-data=5816  
".\Objects\STM32L476RG.axf" - 0 Error(s), 1 Warning(s).

<h2>Software Packages used:</h2>

Package Vendor: ARM
                http://www.keil.com/pack/ARM.CMSIS.5.0.1.pack
                ARM.CMSIS.5.0.1
                CMSIS (Cortex Microcontroller Software Interface Standard)
   * Component: CORE Version: 5.0.1

Package Vendor: Keil
                project-path/Keil.FrameworkCubeMX.1.0.0.pack
                Keil.FrameworkCubeMX.1.0.0
                STM32CubeMX generated pack description
   * Component: STM32CubeMX Version: 1.0.1

Package Vendor: Keil
                http://www.keil.com/pack/Keil.STM32L4xx_DFP.2.1.0.pack
                Keil.STM32L4xx_DFP.2.1.0
                STMicroelectronics STM32L4 Series Device Support, Drivers and Examples
   * Component: Startup Version: 1.3.1
   * Component: TIM Version: 1.9.0
   * Component: SPI Version: 1.9.0
   * Component: RCC Version: 1.9.0
   * Component: PWR Version: 1.9.0
   * Component: GPIO Version: 1.9.0
   * Component: DMA Version: 1.9.0
   * Component: Cortex Version: 1.9.0
   * Component: Common Version: 1.9.0
   * Component: STM32Cube Framework Version: 1.1.0

<h2>Collection of Component include folders:</h2>
  .\RTE\Device\STM32L476RGTx
  .\RTE\Device\STM32L476RGTx\Drivers\STM32L4xx_HAL_Driver\Inc
  .\RTE\Device\STM32L476RGTx\STCubeGenerated\Inc
  .\RTE\_Target_1
  C:\Keil_v5\ARM\PACK\ARM\CMSIS\5.0.1\CMSIS\Include
  C:\Keil_v5\ARM\PACK\Keil\STM32L4xx_DFP\2.1.0\Drivers\CMSIS\Device\ST\STM32L4xx\Include
  C:\Keil_v5\ARM\PACK\Keil\STM32L4xx_DFP\2.1.0\Drivers\STM32L4xx_HAL_Driver\Inc
  C:\Keil_v5\ARM\PACK\Keil\STM32L4xx_DFP\2.1.0\Drivers\STM32L4xx_HAL_Driver\Inc\Legacy

<h2>Collection of Component Files used:</h2>

   * Component: Keil::Device:Startup:1.3.1
      Source file:   MDK\Device\Source\ARM\STM32L4xx_DB_OPT.s
      Include file:  Drivers\CMSIS\Device\ST\STM32L4xx\Include\stm32l4xx.h
      Source file:   Drivers\CMSIS\Device\ST\STM32L4xx\Source\Templates\arm\startup_stm32l476xx.s
      Source file:   Drivers\CMSIS\Device\ST\STM32L4xx\Source\Templates\system_stm32l4xx.c

   * Component: Keil::Device:STM32Cube HAL:TIM:1.9.0
      Source file:   Drivers\STM32L4xx_HAL_Driver\Src\stm32l4xx_hal_tim.c
      Source file:   Drivers\STM32L4xx_HAL_Driver\Src\stm32l4xx_hal_tim_ex.c

   * Component: Keil::Device:STM32Cube HAL:SPI:1.9.0
      Source file:   Drivers\STM32L4xx_HAL_Driver\Src\stm32l4xx_hal_spi.c
      Source file:   Drivers\STM32L4xx_HAL_Driver\Src\stm32l4xx_hal_spi_ex.c

   * Component: Keil::Device:STM32Cube HAL:RCC:1.9.0
      Source file:   Drivers\STM32L4xx_HAL_Driver\Src\stm32l4xx_hal_rcc.c
      Source file:   Drivers\STM32L4xx_HAL_Driver\Src\stm32l4xx_hal_rcc_ex.c

   * Component: Keil::Device:STM32Cube HAL:PWR:1.9.0
      Source file:   Drivers\STM32L4xx_HAL_Driver\Src\stm32l4xx_hal_pwr.c
      Source file:   Drivers\STM32L4xx_HAL_Driver\Src\stm32l4xx_hal_pwr_ex.c

   * Component: Keil::Device:STM32Cube HAL:GPIO:1.9.0
      Source file:   Drivers\STM32L4xx_HAL_Driver\Src\stm32l4xx_hal_gpio.c

   * Component: Keil::Device:STM32Cube HAL:DMA:1.9.0
      Source file:   Drivers\STM32L4xx_HAL_Driver\Src\stm32l4xx_hal_dma.c
      Source file:   Drivers\STM32L4xx_HAL_Driver\Src\stm32l4xx_hal_dma_ex.c

   * Component: Keil::Device:STM32Cube HAL:Cortex:1.9.0
      Source file:   Drivers\STM32L4xx_HAL_Driver\Src\stm32l4xx_hal_cortex.c

   * Component: Keil::Device:STM32Cube HAL:Common:1.9.0
      Include file:  Drivers\STM32L4xx_HAL_Driver\Inc\stm32l4xx_hal.h
      Source file:   Drivers\STM32L4xx_HAL_Driver\Src\stm32l4xx_hal.c

   * Component: Keil::Device:STM32Cube Framework:STM32CubeMX:1.0.1
      Source file:   STCubeGenerated\Src\stm32l4xx_hal_msp.c
      Include file:  STCubeGenerated\Inc\stm32l4xx_hal_conf.h
      Include file:  MX_Device.h

   * Component: ARM::CMSIS:CORE:5.0.1

   * Component: ::Device:STM32Cube Framework:1.1.0 (API)
Build Time Elapsed:  00:00:07
</pre>
</body>
</html>
