<html>
<body>
<pre>
<h1>µVision Build Log</h1>
<h2>Tool Versions:</h2>
IDE-Version: µVision V5.24.2.0
Copyright (C) 2017 ARM Ltd and ARM Germany GmbH. All rights reserved.
License Information: Jernej Pangerc,  , LIC=----
 
Tool Versions:
Toolchain:       MDK-Lite  Version: 5.24.1
Toolchain Path:  C:\Keil_v5\ARM\ARMCC\Bin
C Compiler:      Armcc.exe V5.06 update 5 (build 528)
Assembler:       Armasm.exe V5.06 update 5 (build 528)
Linker/Locator:  ArmLink.exe V5.06 update 5 (build 528)
Library Manager: ArmAr.exe V5.06 update 5 (build 528)
Hex Converter:   FromElf.exe V5.06 update 5 (build 528)
CPU DLL:         SARMCM3.DLL V5.24.1
Dialog DLL:      DCM.DLL V1.16.0.0
Target DLL:      STLink\ST-LINKIII-KEIL_SWO.dll V3.0.1.0
Dialog DLL:      TCM.DLL V1.32.0.0
 
<h2>Project:</h2>
C:\Users\Jernej\Documents\Keil\LED_blink.uvprojx
Project File Date:  05/27/2018

<h2>Output:</h2>
*** Using Compiler 'V5.06 update 5 (build 528)', folder: 'C:\Keil_v5\ARM\ARMCC\Bin'
Build target 'Target 1'
linking...
Program Size: Code=6924 RO-data=496 RW-data=12 ZI-data=1732  
".\Objects\LED_blink.elf" - 0 Error(s), 0 Warning(s).

<h2>Software Packages used:</h2>

Package Vendor: ARM
                http://www.keil.com/pack/ARM.CMSIS.5.0.1.pack
                ARM.CMSIS.5.0.1
                CMSIS (Cortex Microcontroller Software Interface Standard)
   * Component: CORE Version: 5.0.1

Package Vendor: Keil
                project-path/Keil.FrameworkCubeMX.1.0.0.pack
                Keil.FrameworkCubeMX.1.0.0
                STM32CubeMX generated pack description
   * Component: STM32CubeMX Version: 1.0.0

Package Vendor: Keil
                http://www.keil.com/pack/Keil.STM32L4xx_DFP.1.5.0.pack
                Keil.STM32L4xx_DFP.1.5.0
                STMicroelectronics STM32L4 Series Device Support, Drivers and Examples
   * Component: Startup Version: 1.3.1
   * Component: UTILS Version: 1.8.0
   * Component: RCC Version: 1.8.0
   * Component: PWR Version: 1.8.0
   * Component: Common Version: 1.8.0
   * Component: SPI Version: 1.8.0
   * Component: RCC Version: 1.8.0
   * Component: PWR Version: 1.8.0
   * Component: I2C Version: 1.8.0
   * Component: GPIO Version: 1.8.0
   * Component: DMA Version: 1.8.0
   * Component: Cortex Version: 1.8.0
   * Component: Common Version: 1.8.0
   * Component: STM32Cube Framework Version: 1.0.0

<h2>Collection of Component include folders:</h2>
  .\RTE\Device\STM32L476RGTx
  .\RTE\Device\STM32L476RGTx\Drivers\STM32L4xx_HAL_Driver\Inc
  .\RTE\Device\STM32L476RGTx\STCubeGenerated\Inc
  .\RTE\_Target_1
  C:\Keil_v5\ARM\PACK\ARM\CMSIS\5.0.1\CMSIS\Include
  C:\Keil_v5\ARM\PACK\Keil\STM32L4xx_DFP\1.5.0\Drivers\CMSIS\Device\ST\STM32L4xx\Include
  C:\Keil_v5\ARM\PACK\Keil\STM32L4xx_DFP\1.5.0\Drivers\STM32L4xx_HAL_Driver\Inc
  C:\Keil_v5\ARM\PACK\Keil\STM32L4xx_DFP\1.5.0\Drivers\STM32L4xx_HAL_Driver\Inc\Legacy

<h2>Collection of Component Files used:</h2>

   * Component: Keil::Device:Startup:1.3.1
      Source file:   Drivers\CMSIS\Device\ST\STM32L4xx\Source\Templates\arm\startup_stm32l476xx.s
      Source file:   Drivers\CMSIS\Device\ST\STM32L4xx\Source\Templates\system_stm32l4xx.c
      Include file:  Drivers\CMSIS\Device\ST\STM32L4xx\Include\stm32l4xx.h
      Source file:   MDK\Device\Source\ARM\STM32L4xx_DB_OPT.s

   * Component: Keil::Device:STM32Cube LL:UTILS:1.8.0
      Source file:   Drivers\STM32L4xx_HAL_Driver\Src\stm32l4xx_ll_utils.c

   * Component: Keil::Device:STM32Cube LL:RCC:1.8.0
      Source file:   Drivers\STM32L4xx_HAL_Driver\Src\stm32l4xx_ll_rcc.c

   * Component: Keil::Device:STM32Cube LL:PWR:1.8.0
      Source file:   Drivers\STM32L4xx_HAL_Driver\Src\stm32l4xx_ll_pwr.c

   * Component: Keil::Device:STM32Cube LL:Common:1.8.0

   * Component: Keil::Device:STM32Cube HAL:SPI:1.8.0
      Source file:   Drivers\STM32L4xx_HAL_Driver\Src\stm32l4xx_hal_spi_ex.c
      Source file:   Drivers\STM32L4xx_HAL_Driver\Src\stm32l4xx_hal_spi.c

   * Component: Keil::Device:STM32Cube HAL:RCC:1.8.0
      Source file:   Drivers\STM32L4xx_HAL_Driver\Src\stm32l4xx_hal_rcc.c
      Source file:   Drivers\STM32L4xx_HAL_Driver\Src\stm32l4xx_hal_rcc_ex.c

   * Component: Keil::Device:STM32Cube HAL:PWR:1.8.0
      Source file:   Drivers\STM32L4xx_HAL_Driver\Src\stm32l4xx_hal_pwr.c
      Source file:   Drivers\STM32L4xx_HAL_Driver\Src\stm32l4xx_hal_pwr_ex.c

   * Component: Keil::Device:STM32Cube HAL:I2C:1.8.0
      Source file:   Drivers\STM32L4xx_HAL_Driver\Src\stm32l4xx_hal_i2c.c
      Source file:   Drivers\STM32L4xx_HAL_Driver\Src\stm32l4xx_hal_i2c_ex.c

   * Component: Keil::Device:STM32Cube HAL:GPIO:1.8.0
      Source file:   Drivers\STM32L4xx_HAL_Driver\Src\stm32l4xx_hal_gpio.c

   * Component: Keil::Device:STM32Cube HAL:DMA:1.8.0
      Source file:   Drivers\STM32L4xx_HAL_Driver\Src\stm32l4xx_hal_dma.c

   * Component: Keil::Device:STM32Cube HAL:Cortex:1.8.0
      Source file:   Drivers\STM32L4xx_HAL_Driver\Src\stm32l4xx_hal_cortex.c

   * Component: Keil::Device:STM32Cube HAL:Common:1.8.0
      Include file:  Drivers\STM32L4xx_HAL_Driver\Inc\stm32l4xx_hal.h
      Source file:   Drivers\STM32L4xx_HAL_Driver\Src\stm32l4xx_hal.c

   * Component: Keil::Device:STM32Cube Framework:STM32CubeMX:1.0.0
      Source file:   STCubeGenerated\Src\stm32l4xx_hal_msp.c
      Include file:  MX_Device.h
      Include file:  STCubeGenerated\Inc\stm32l4xx_hal_conf.h

   * Component: ARM::CMSIS:CORE:5.0.1

   * Component: ::Device:STM32Cube Framework:1.0.0 (API)
Build Time Elapsed:  00:00:02
</pre>
</body>
</html>
